<?xml version="1.0" encoding="UTF-8"?>
<TestRun id="3ea99a9c-5a4e-4c57-84b4-1efbae4382ec" name="Renzo@RENZO-PC 2012-04-02 02:03:44" runUser="Renzo-PC\Renzo" xmlns="http://microsoft.com/schemas/VisualStudio/TeamTest/2010">
  <TestSettings name="Local" id="d7146e08-8266-4b9b-aa43-bf7a65afa95e">
    <Description>These are default test settings for a local test run.</Description>
    <Deployment enabled="false" runDeploymentRoot="Renzo_RENZO-PC 2012-04-02 02_03_44">
      <DeploymentItem filename="C:\Users\Renzo\UPC\2012-01\SISPPAFUT\Construcción\UPC.Proyecto.SISPPAFUT\UPC.Proyecto.SISPPAFUT.BL.BC\bin\Debug\UPC.Proyecto.SISPPAFUT.BL.BC.dll" />
      <DeploymentItem filename="C:\Users\Renzo\UPC\2012-01\SISPPAFUT\Construcción\UPC.Proyecto.SISPPAFUT\UPC.Proyecto.SISPPAFUT.BL.BE\bin\Debug\UPC.Proyecto.SISPPAFUT.BL.BE.dll" />
      <DeploymentItem filename="C:\Users\Renzo\UPC\2012-01\SISPPAFUT\Construcción\UPC.Proyecto.SISPPAFUT\UPC.Proyecto.SISPPAFUT.DL.DALC\bin\Debug\UPC.Proyecto.SISPPAFUT.DL.DALC.dll" />
    </Deployment>
    <Execution>
      <TestTypeSpecific />
      <AgentRule name="Execution Agents">
      </AgentRule>
    </Execution>
  </TestSettings>
  <Times creation="2012-04-02T02:03:44.0713255-05:00" queuing="2012-04-02T02:03:46.3504559-05:00" start="2012-04-02T02:03:46.4684626-05:00" finish="2012-04-02T02:03:49.3196257-05:00" />
  <ResultSummary outcome="Failed">
    <Counters total="4" executed="4" passed="2" error="0" failed="1" timeout="0" aborted="0" inconclusive="1" passedButRunAborted="0" notRunnable="0" notExecuted="0" disconnected="0" warning="0" completed="0" inProgress="0" pending="0" />
  </ResultSummary>
  <TestDefinitions>
    <UnitTest name="insertar_CompeticionTest" storage="c:\users\renzo\upc\2012-01\sisppafut\construcción\upc.proyecto.sisppafut\unittests\bin\debug\unittests.dll" id="89790d00-6674-dc6c-a061-2814917378a8">
      <Execution id="7adae41f-9629-4e8e-82d8-252b82c5222c" />
      <TestMethod codeBase="C:/Users/Renzo/UPC/2012-01/SISPPAFUT/Construcción/UPC.Proyecto.SISPPAFUT/UnitTests/bin/Debug/UnitTests.DLL" adapterTypeName="Microsoft.VisualStudio.TestTools.TestTypes.Unit.UnitTestAdapter, Microsoft.VisualStudio.QualityTools.Tips.UnitTest.Adapter, Version=10.0.0.0, Culture=neutral, PublicKeyToken=b03f5f7f11d50a3a" className="UnitTests.CompeticionBCTest, UnitTests, Version=1.0.0.0, Culture=neutral, PublicKeyToken=null" name="insertar_CompeticionTest" />
    </UnitTest>
    <UnitTest name="listarPaisesTest" storage="c:\users\renzo\upc\2012-01\sisppafut\construcción\upc.proyecto.sisppafut\unittests\bin\debug\unittests.dll" id="13d491b4-0819-c87e-7d34-fc2e1bd5905e">
      <Execution id="492a3ae4-6079-45e4-991d-a4d441f36b1b" />
      <TestMethod codeBase="C:/Users/Renzo/UPC/2012-01/SISPPAFUT/Construcción/UPC.Proyecto.SISPPAFUT/UnitTests/bin/Debug/UnitTests.DLL" adapterTypeName="Microsoft.VisualStudio.TestTools.TestTypes.Unit.UnitTestAdapter, Microsoft.VisualStudio.QualityTools.Tips.UnitTest.Adapter, Version=10.0.0.0, Culture=neutral, PublicKeyToken=b03f5f7f11d50a3a" className="UnitTests.PaisBCTest, UnitTests, Version=1.0.0.0, Culture=neutral, PublicKeyToken=null" name="listarPaisesTest" />
    </UnitTest>
    <UnitTest name="insertarPaisTest" storage="c:\users\renzo\upc\2012-01\sisppafut\construcción\upc.proyecto.sisppafut\unittests\bin\debug\unittests.dll" id="c535ce14-0fc9-c96b-7427-522663e25a1f">
      <Execution id="fd2aad37-05ae-4680-895a-ce5134903b64" />
      <TestMethod codeBase="C:/Users/Renzo/UPC/2012-01/SISPPAFUT/Construcción/UPC.Proyecto.SISPPAFUT/UnitTests/bin/Debug/UnitTests.DLL" adapterTypeName="Microsoft.VisualStudio.TestTools.TestTypes.Unit.UnitTestAdapter, Microsoft.VisualStudio.QualityTools.Tips.UnitTest.Adapter, Version=10.0.0.0, Culture=neutral, PublicKeyToken=b03f5f7f11d50a3a" className="UnitTests.PaisBCTest, UnitTests, Version=1.0.0.0, Culture=neutral, PublicKeyToken=null" name="insertarPaisTest" />
    </UnitTest>
    <UnitTest name="insertar_EstadioTest" storage="c:\users\renzo\upc\2012-01\sisppafut\construcción\upc.proyecto.sisppafut\unittests\bin\debug\unittests.dll" id="79a8089b-7d61-3970-1839-91db88085ecb">
      <Execution id="64cc0e06-108c-42e3-97c6-0aac8f610153" />
      <TestMethod codeBase="C:/Users/Renzo/UPC/2012-01/SISPPAFUT/Construcción/UPC.Proyecto.SISPPAFUT/UnitTests/bin/Debug/UnitTests.DLL" adapterTypeName="Microsoft.VisualStudio.TestTools.TestTypes.Unit.UnitTestAdapter, Microsoft.VisualStudio.QualityTools.Tips.UnitTest.Adapter, Version=10.0.0.0, Culture=neutral, PublicKeyToken=b03f5f7f11d50a3a" className="UnitTests.EstadioBCTest, UnitTests, Version=1.0.0.0, Culture=neutral, PublicKeyToken=null" name="insertar_EstadioTest" />
    </UnitTest>
  </TestDefinitions>
  <TestLists>
    <TestList name="Results Not in a List" id="8c84fa94-04c1-424b-9868-57a2d4851a1d" />
    <TestList name="All Loaded Results" id="19431567-8539-422a-85d7-44ee4e166bda" />
  </TestLists>
  <TestEntries>
    <TestEntry testId="13d491b4-0819-c87e-7d34-fc2e1bd5905e" executionId="492a3ae4-6079-45e4-991d-a4d441f36b1b" testListId="8c84fa94-04c1-424b-9868-57a2d4851a1d" />
    <TestEntry testId="79a8089b-7d61-3970-1839-91db88085ecb" executionId="64cc0e06-108c-42e3-97c6-0aac8f610153" testListId="8c84fa94-04c1-424b-9868-57a2d4851a1d" />
    <TestEntry testId="c535ce14-0fc9-c96b-7427-522663e25a1f" executionId="fd2aad37-05ae-4680-895a-ce5134903b64" testListId="8c84fa94-04c1-424b-9868-57a2d4851a1d" />
    <TestEntry testId="89790d00-6674-dc6c-a061-2814917378a8" executionId="7adae41f-9629-4e8e-82d8-252b82c5222c" testListId="8c84fa94-04c1-424b-9868-57a2d4851a1d" />
  </TestEntries>
  <Results>
    <UnitTestResult executionId="492a3ae4-6079-45e4-991d-a4d441f36b1b" testId="13d491b4-0819-c87e-7d34-fc2e1bd5905e" testName="listarPaisesTest" computerName="RENZO-PC" duration="00:00:00.2887539" startTime="2012-04-02T02:03:46.5024646-05:00" endTime="2012-04-02T02:03:47.2525075-05:00" testType="13cdc9d9-ddb5-4fa4-a97d-d965ccfc6d4b" outcome="Failed" testListId="8c84fa94-04c1-424b-9868-57a2d4851a1d" relativeResultsDirectory="492a3ae4-6079-45e4-991d-a4d441f36b1b">
      <Output>
        <ErrorInfo>
          <Message>Assert.AreEqual failed. Expected:&lt;System.Collections.Generic.List`1[UPC.Proyecto.SISPPAFUT.BL.BE.PaisBE]&gt;. Actual:&lt;System.Collections.Generic.List`1[UPC.Proyecto.SISPPAFUT.BL.BE.PaisBE]&gt;. </Message>
          <StackTrace>   en UnitTests.PaisBCTest.listarPaisesTest() en C:\Users\Renzo\UPC\2012-01\SISPPAFUT\Construcción\UPC.Proyecto.SISPPAFUT\UnitTests\PaisBCTest.cs:línea 118
</StackTrace>
        </ErrorInfo>
      </Output>
    </UnitTestResult>
    <UnitTestResult executionId="64cc0e06-108c-42e3-97c6-0aac8f610153" testId="79a8089b-7d61-3970-1839-91db88085ecb" testName="insertar_EstadioTest" computerName="RENZO-PC" duration="00:00:00.3672333" startTime="2012-04-02T02:03:47.2555076-05:00" endTime="2012-04-02T02:03:47.6325292-05:00" testType="13cdc9d9-ddb5-4fa4-a97d-d965ccfc6d4b" outcome="Inconclusive" testListId="8c84fa94-04c1-424b-9868-57a2d4851a1d" relativeResultsDirectory="64cc0e06-108c-42e3-97c6-0aac8f610153">
      <Output>
        <ErrorInfo>
          <Message>Assert.Inconclusive failed. Verify the correctness of this test method.</Message>
          <StackTrace>   en UnitTests.EstadioBCTest.insertar_EstadioTest() en C:\Users\Renzo\UPC\2012-01\SISPPAFUT\Construcción\UPC.Proyecto.SISPPAFUT\UnitTests\EstadioBCTest.cs:línea 97
</StackTrace>
        </ErrorInfo>
      </Output>
    </UnitTestResult>
    <UnitTestResult executionId="fd2aad37-05ae-4680-895a-ce5134903b64" testId="c535ce14-0fc9-c96b-7427-522663e25a1f" testName="insertarPaisTest" computerName="RENZO-PC" duration="00:00:00.0345884" startTime="2012-04-02T02:03:47.6385296-05:00" endTime="2012-04-02T02:03:47.6855322-05:00" testType="13cdc9d9-ddb5-4fa4-a97d-d965ccfc6d4b" outcome="Passed" testListId="8c84fa94-04c1-424b-9868-57a2d4851a1d" relativeResultsDirectory="fd2aad37-05ae-4680-895a-ce5134903b64">
    </UnitTestResult>
    <UnitTestResult executionId="7adae41f-9629-4e8e-82d8-252b82c5222c" testId="89790d00-6674-dc6c-a061-2814917378a8" testName="insertar_CompeticionTest" computerName="RENZO-PC" duration="00:00:00.0344897" startTime="2012-04-02T02:03:47.6875324-05:00" endTime="2012-04-02T02:03:47.7285347-05:00" testType="13cdc9d9-ddb5-4fa4-a97d-d965ccfc6d4b" outcome="Passed" testListId="8c84fa94-04c1-424b-9868-57a2d4851a1d" relativeResultsDirectory="7adae41f-9629-4e8e-82d8-252b82c5222c">
    </UnitTestResult>
  </Results>
</TestRun>